docs/development/work/K1.0/validation-01/MANIFEST.md: 9 log payload SHA-256 values recomputed and found in manifest
docs/development/work/K1.0/validation-02/MANIFEST.md: 9 log payload SHA-256 values recomputed and found in manifest
docs/development/work/K1.0/validation-03/MANIFEST.md: 10 log payload SHA-256 values recomputed and found in manifest
docs/development/work/K1.0/validation-04/MANIFEST.md: 8 log payload SHA-256 values recomputed and found in manifest
docs/development/work/K1.0/validation-05/MANIFEST.md: 9 log payload SHA-256 values recomputed and found in manifest
docs/development/work/K1.0/validation-06/MANIFEST.md: 8 log payload SHA-256 values recomputed and found in manifest
docs/development/work/K1.0/validation-07/MANIFEST.md: 9 log payload SHA-256 values recomputed and found in manifest
docs/development/work/K1.0/validation-08/MANIFEST.md: 9 log payload SHA-256 values recomputed and found in manifest
docs/development/work/K1.0/validation-09/MANIFEST.md: 9 log payload SHA-256 values recomputed and found in manifest
docs/development/work/K1.0/validation-10/MANIFEST.md: 9 log payload SHA-256 values recomputed and found in manifest
docs/development/work/K1.0/validation-11/MANIFEST.md: 9 log payload SHA-256 values recomputed and found in manifest
docs/development/work/K1.0/validation-12/MANIFEST.md: 9 log payload SHA-256 values recomputed and found in manifest
docs/development/work/K1.0/validation-13/MANIFEST.md: 9 log payload SHA-256 values recomputed and found in manifest
docs/development/work/K1.0/validation-14/MANIFEST.md: 9 log payload SHA-256 values recomputed and found in manifest
docs/development/work/K1.0/validation-15/MANIFEST.md: 10 log payload SHA-256 values recomputed and found in manifest
docs/development/work/K1.0/validation-16/MANIFEST.md: 10 log payload SHA-256 values recomputed and found in manifest
docs/development/work/K1.0-correction-01/validation-01/MANIFEST.md: 10 log payload SHA-256 values recomputed and found in manifest
docs/development/work/K1.0-correction-01/validation-02/MANIFEST.md: 10 log payload SHA-256 values recomputed and found in manifest
Command: git diff --name-status 1295c68b03ae5d8eb0bbb86e974353402ff9a518 41728edfc3cfc5c745e4293c511a740942f7b631
A	docs/development/work/K1.0-correction-01/review-02.md
Exit: 0
Command: git diff --name-status c9a9ed7e6e538ab0542fc6a999426264abb6212a 1295c68b03ae5d8eb0bbb86e974353402ff9a518 -- packages/core packages/sdk packages/agents packages/models packages/retrieval packages/interoperability examples tests/conformance/k0
Exit: 0
Command: git merge-base --is-ancestor 0535160e677231da41b06d9f822e62e2f0364dd1 origin/main
Exit: 0
Command: node --version
v25.2.1
Exit: 0
Command: npm --version
11.6.2
Exit: 0
