Checking tool-tests
Checking inventory
Checking adoption
Checking dimensions
Checking registered-mutants
Case identity.parts
Case oracle.returned
Case oracle.view
Case oracle.nextRefusal
Case oracle.nextAcceptance
Case oracle.setupGrant
Case oracle.refusalPosition
Case oracle.refusalExecution
Case oracle.acceptingExit
Case oracle.fired
Case oracle.sameOperation
Case oracle.quietRepeat
Case oracle.callbackRan
Case oracle.deliveredAt
Case oracle.takeoverWindowAt
Case oracle.outcomeStepAt
Case oracle.outcomePrefix
Case oracle.applySequence
Case oracle.applyModel
Case oracle.referenceKind
Case oracle.referenceRefusal
Case oracle.referenceUnnamed
Case oracle.referenceUnchanged
Case oracle.referenceReplay
Case oracle.recoveryAnswer
Case oracle.takeoverAnswer
Case oracle.outcomeAnswer
Case oracle.declaredExit
Case oracle.attributed
Case oracle.exitReached
Case realm.kernel-lexical-shadow.control
Case realm.kernel-lexical-shadow.JSON
Case realm.kernel-lexical-shadow.Object
Case realm.kernel-lexical-shadow.Array
Case realm.kernel-lexical-creation.control
Case realm.kernel-lexical-creation.hop
Case realm.lexical-shadow.unpinned.ordinary
Case realm.lexical-shadow.unpinned.frozen-intrinsics
Case realm.lexical-shadow.pinned.frozen-intrinsics
Case realm.object-freeze-witness.unpinned.ordinary
Case realm.object-freeze-witness.pinned.ordinary
Case realm.object-freeze-witness.unpinned.frozen-intrinsics
Case realm.object-freeze-witness.pinned.frozen-intrinsics
Case realm.pin-forms.JSON.assign.full.frozen-intrinsics
Case realm.pin-forms.JSON.assign.writableOnly.frozen-intrinsics
Case realm.pin-forms.JSON.define.full.frozen-intrinsics
Case realm.pin-forms.JSON.define.writableOnly.frozen-intrinsics
Case realm.pin-forms.JSON.declare.full.frozen-intrinsics
Case realm.pin-forms.JSON.declare.writableOnly.frozen-intrinsics
Case realm.pin-forms.JSON.preexisting.full.frozen-intrinsics
Case realm.pin-forms.JSON.preexisting.writableOnly.frozen-intrinsics
Case realm.pin-forms.Object.assign.full.frozen-intrinsics
Case realm.pin-forms.Object.assign.writableOnly.frozen-intrinsics
Case realm.pin-forms.Object.define.full.frozen-intrinsics
Case realm.pin-forms.Object.define.writableOnly.frozen-intrinsics
Case realm.pin-forms.Object.declare.full.frozen-intrinsics
Case realm.pin-forms.Object.declare.writableOnly.frozen-intrinsics
Case realm.pin-forms.Object.preexisting.full.frozen-intrinsics
Case realm.pin-forms.Object.preexisting.writableOnly.frozen-intrinsics
Case realm.pin-forms.Array.assign.full.frozen-intrinsics
Case realm.pin-forms.Array.assign.writableOnly.frozen-intrinsics
Case realm.pin-forms.Array.define.full.frozen-intrinsics
Case realm.pin-forms.Array.define.writableOnly.frozen-intrinsics
Case realm.pin-forms.Array.declare.full.frozen-intrinsics
Case realm.pin-forms.Array.declare.writableOnly.frozen-intrinsics
Case realm.pin-forms.Array.preexisting.full.frozen-intrinsics
Case realm.pin-forms.Array.preexisting.writableOnly.frozen-intrinsics
Case realm.zone.Map.assign.full.frozen-intrinsics
Case realm.zone.Map.assign.writableOnly.frozen-intrinsics
Case realm.zone.Map.define.full.frozen-intrinsics
Case realm.zone.Map.define.writableOnly.frozen-intrinsics
Case realm.zone.Map.declare.full.frozen-intrinsics
Case realm.zone.Map.declare.writableOnly.frozen-intrinsics
Case realm.zone.Map.preexisting.full.frozen-intrinsics
Case realm.zone.Map.preexisting.writableOnly.frozen-intrinsics
Case realm.zone.Reflect.assign.full.frozen-intrinsics
Case realm.zone.Reflect.assign.writableOnly.frozen-intrinsics
Case realm.zone.Reflect.define.full.frozen-intrinsics
Case realm.zone.Reflect.define.writableOnly.frozen-intrinsics
Case realm.zone.Reflect.declare.full.frozen-intrinsics
Case realm.zone.Reflect.declare.writableOnly.frozen-intrinsics
Case realm.zone.Reflect.preexisting.full.frozen-intrinsics
Case realm.zone.Reflect.preexisting.writableOnly.frozen-intrinsics
Case work-charge.array-surplus
Case result.stale-repeat
Case result.invalid-repeat
Case result.unstable-control
Case capture.current.Map
Case capture.current.Date
Case capture.current.Set
Case capture.current.Uint8Array
Case capture.current.ArrayBuffer
Case capture.current.RegExp
Case capture.current.Error
Case capture.current.String
Case capture.current.Boolean
Case capture.current.WeakMap
Case capture.current.Proxy
Case result.target-wrong-kill
Case result.target-uncovered
Checking refusal-mutants
Case guard.blob.b8dc04d19ee1d80f
Case guard.blob.f8a0a451fee7d9d9
Case guard.candidate.0279f4467d46f360
Case guard.candidate.618261dcc3a98e13
Case guard.candidate.68448c5db5da6bcb
Case guard.candidate.76d187e9127301ab
Case guard.candidate.78adb99f469b404c
Case guard.candidate.c9f5e5038c39a257
Case guard.candidate.d4fd916a43036da3
Case guard.candidate.d57a910503379153
Case guard.candidate.f46a13b95b7ee104
Case guard.clean_payload.16ed5d61646d8a1a
Case guard.clean_payload.1a5b4e741d1844f8
Case guard.command.1a8679b208fb7fb4
Case guard.command.1df015b8ef9fdbd4
Case guard.command.495f4b96b3cea181
Case guard.command.9293b53df53cca25
Case guard.commit.c535cb069a686b47
Case guard.commit.cb0bb6ca397ecf76
Case guard.corpus.05b6409ab98f7be8
Case guard.corpus.13cb0b76768f09e8
Case guard.corpus.56915939b7ffbe7d
Case guard.corpus.a510b03208bfc19a
Case guard.corpus.b7e9313cf13730fe
Case guard.corpus.ca7a43dabd5dc2bf
Case guard.corpus.ebe544fc055e0184
Case guard.corpus.f8ff876cad94986b
Case guard.coverage_manifest.23f8f508d7d8be6a
Case guard.coverage_manifest.2814a3e8e33932b0
Case guard.coverage_manifest.2dec712f6906f30e
Case guard.coverage_manifest.3b49c64ee9b9ed29
Case guard.coverage_manifest.4d5f43d028b19d77
Case guard.coverage_manifest.519f626a7ae27a76
Case guard.coverage_manifest.595f8268cfe58cc2
Case guard.coverage_manifest.65bd00c144a41ff7
Case guard.coverage_manifest.6fdeced362a61293
Case guard.coverage_manifest.7150407a9dc6c53e
Case guard.coverage_manifest.8bcdda90110486ea
Case guard.coverage_manifest.ab6ba0307691be48
Case guard.coverage_manifest.cf10a8775ccccee2
Case guard.coverage_manifest.dd7a0e3fb955c7f4
Case guard.coverage_manifest.fa8b0d9d611be72c
Case guard.coverage_manifest.ff324ef6bda37a26
Case guard.dependency_files.78234e2124357aa6
Case guard.dependency_files.b3376240e830bca4
Case guard.dependency_files.b75cde5209eb81ce
Case guard.dependency_files.c0c1f3561259389c
Case guard.dependency_files.d064bb42bab87a3d
Case guard.dependency_files.d8d474a79d911f7b
Case guard.dependency_files.f8bde57c976225ad
Case guard.document.1f164c6ba3166ac6
Case guard.fenced_bytes.0a45dca8fdb8f89a
Case guard.fenced_bytes.224a61bb8b6df713
Case guard.files.8668bc7958028ad9
Case guard.inventory.0b318b5d6b352f2a
Case guard.inventory.0c231f2ce9779716
Case guard.inventory.56a3c2a9e6d46ab3
Case guard.inventory.7d94cebe0c28c0af
Case guard.inventory.842cd082eea2de11
Case guard.inventory.8492623016e29e69
Case guard.inventory.85ec0b7d935e33e5
Case guard.inventory.92d66896f3b37ca0
Case guard.inventory.aaf8dcbfe9f73a5a
Case guard.inventory.ba7c90aded1a9401
Case guard.inventory.d6b1887b9420800a
Case guard.inventory.ff8dbd50ebef23c8
Case guard.mutations.265276e23a1de243
Case guard.mutations.2de075783f590d7d
Case guard.mutations.b4959fae8ffed6d4
Case guard.mutations.52d7425597d3c503
Case guard.mutations.8f42214209855bb2
Case guard.mutations.b1e74a23be7ddefa
Case guard.mutations.dd2fe127454ac894
Case guard.mutation_edits.8389a8d56b1da8bf
Case guard.observation.3bd482d4aaadecd8
Case guard.observation.6504ffd7d310ebbf
Case guard.observation.b34fa4542b626e45
Case guard.observation.e0fbea980f0b3c87
Case guard.path_name.702f36ec86b9603b
Case guard.path_name.8f780dc09412643f
Case guard.resolve.0473fbdc996149bc
Case guard.resolve.4df9841235951ae5
Case guard.resolve.a2aa2248e5e1f34b
Case guard.resolve.ad7af874a79ec2f8
Case guard.resolve.d7833f610633e1b4
Case guard.run.ddd42c39812fa4f2
Case guard.unique_text.21fae33c91026764
Case guard.unique_text.98ff0cb9b235597d
Case guard.verify.2795355a428e6c7b
Case guard.verify.fd1956d1616cdf9f
Case guard.composition.832f422bed893ea2
Case guard.composition.6c72f9f83555b077
Case guard.composition.8b97340573946ddd
Case guard.composition.43967f9238dbfbdb
Case guard.composition.39064b7b41bd4e54
Case guard.composition.3986864b5dc878da
Case guard.composition.ff5426dd906a20c0
Case guard.claim.211299a219fea9a3
Case guard.claim.7b4537ebbc738698
Case guard.environment_declaration.3d1f1951c6a04690
Case guard.environment_declaration.6ca7de6fbbecc5b5
Case guard.environment_declaration.434258fd8fb73631
Case guard.environment_declaration.d9d809f709e972ed
Case guard.child_environment.0d77269c6e63d0b0
Case guard.command.e6bd9dd0044a9192
Case guard.environment_census.1c7b26207024a558
Case guard.environment_census.44c8aa8bf2c47333
Case guard.environment_census.6f61e212419ffffd
Case guard.environment_census.d6934a535b07299d
Case guard.environment_census.f9c07d3493913c60
Case guard.environment_census.25003640b552a3c6
Case guard.verify_snapshot.52d67717340e0ee1
Case guard.verify_snapshot.230c5ca5f2e46c15
Case guard.verify_snapshot.157a1c431dfa1d24
Case guard.verify_snapshot.634a797f85a0c78e
Case guard.snapshot_input.d50d9fa4138e2e8a
Case guard.declared_inputs.3258831485dd7c83
Case guard.declared_inputs.b458e5a8e7925211
Case guard.declared_inputs.9de9964ea2f45506
Case guard.node_version.2640198085049dc6
Case guard.node_version.3433794f6f0c576d
Case guard.verify.1bdd91f595450fea
Case guard.expand_globs.67450954025493d4
Case guard.expand_globs.f7f7b5aeeb04496d
Case guard.expand_globs.55c1a1927874eeaf
Case guard.catalog_declaration.16edd2411379db7f
Case guard.catalog_declaration.d7c0ce69ce35187c
Case guard.catalog_declaration.8fde2f4d3fc325aa
Case guard.catalog_tree.6afde5de1f927d04
Case guard.catalog_tree.e211c2e5be05d991
Case guard.catalog_tree.9576cfa1f338cbb1
Case guard.catalog_tree.e07edc108038ac5a
Case guard.legacy_manifest.f8fdf67b6a60187d
Case guard.legacy_manifest.1cb3ad10c397ecca
Case guard.legacy_manifest.70a58096796a253d
Case guard.unique_records.53af87c8a8545da1
Case guard.unique_records.6a0de10807a84341
Case guard.holds_table.3eaada69e06c88a1
Case guard.holds_table.b994dc7084efb7f6
Case guard.corpus_format_2.8a9b7ab1e2f29840
Case guard.corpus_format_2.1a5ddc758b181d81
Case guard.corpus_format_2.66485a56bb6377d6
Case guard.corpus_format_2.81fc466f72dc1880
Case guard.corpus_format_2.07b8756e3caeb4b0
Case guard.corpus_format_2.c3a9aefdc427a5a2
Case guard.corpus_format_2.d3b19fac6f02fc2c
Case guard.corpus_format_2.71c809d1a4532b37
Case guard.corpus_format_2.839917413e55df94
Case guard.typescript_toolchain.3fc9cca5f766d44e
Case guard.source_facts.773b1ca41ac974f4
Case guard.source_facts.c0b6aafcfa291a0c
Case guard.coverage_counts.bf51833f8721728b
Case guard.target_record.3c78f855a869481e
Case guard.target_record.bb6205393295390e
Case guard.target_record.62d274d6bc8f9ee6
Case guard.target_record.9c518d129de5479e
Case guard.target_record.e764b24c0e537c9d
Case guard.target_record.eadfa1ce3571cb8d
Case guard.target_record.1ea792c51cfc2fe9
Case guard.target_record.654f7a31a7188952
Case guard.check_target.e64d2631aa172e63
Case guard.counterexample_table.fabfffd7d6681ca5
Case guard.counterexample_table.8dde31a34007d5d8
Case guard.counterexample_table.98acaed010eec4e4
Case guard.target_context.c4de108d777799bd
Case guard.corpus_format_2.6ea44aea36a680be
Case guard.register_recipes.e28b11bdb9b6c43b
Case guard.register_recipes.6245cfa2de390635
Case guard.register_recipes.733521c199702e91
Case guard.register_recipes.a12bea967731be32
Case guard.register_recipes.46b190748476405a
Case guard.register_recipes.f20bdab11fdfe1fc
Case guard.hold_register.17e807499c5cf647
Case guard.hold_register.f57b831035d460a0
Case guard.hold_register.4bed734c999d95f8
Case guard.hold_register.a85830963510e3d4
Case guard.hold_register.473b3eec126e0e62
Case guard.floor_order_model.8fe02fa0a091db98
Case guard.floor_order_model.d9e3197edecee8db
Case guard.floor_order_model.9839526c6f112f59
Case guard.floor_order_model.0e6f4a73ea78004d
Case guard.helper_review_table.b915bf07acead344
Case guard.helper_review_table.e949d8c768d5bd82
Case guard.helper_review_table.38ace969e68d161d
Case guard.helper_review_table.2f8557b3b64e4e1a
Case guard.moves_table.01db89d9fc809489
Case guard.moves_table.821f613a7dab7a33
Case guard.mutation_edits.1940d5ad681445f1
Case guard.target_declaration.8988ab1f68a73810
Case guard.target_declaration.4a2a2dc234fc4f53
Case guard.target_declaration.0980d70178782614
Case guard.expected_targets.8356d07f7bfbb8f6
Case guard.mutations.f94981cafbb5829c
Case guard.labelled.a8939c0d034ccf3a
Case guard.member_route.931b27b5c7bb4946
Case guard.member_route.8e43ea5792951f17
Case guard.member_route.a801ba64700f209d
Case guard.member_route.4f94a12d7109aacd
Case guard.member_route.835b63ecdddf3c3a
Case guard.member_route.d4a849c027bcd7fd
Case guard.member_route.c79264b31840dfcb
Case guard.family_table.22bbc9b3428419d6
Case guard.family_table.c223d79c8023b960
Case guard.family_table.38e1ebd4c2b74de1
Case guard.family_table.a45c6e9df3bda1d9
Case guard.runner.522aa9c5d55e7eda
Case guard.source.8c46aa4cdb3dce57
Case guard.source.f902a493eee22ce3
Case guard.source.6a345454838b472e
Case guard.part.5b8c509716d84ecc
Case guard.part.846dcf8f825d3f34
Case guard.part.5d48c258acd1ee31
Case guard.part.a1b508bf935830fe
Case guard.part.a3139c8996b95f2c
Case guard.part.a3abb66b8668c197
Case guard.part.6743b06eb2589c4d
Case guard.part.ca45bf5958bc1061
Case guard.part.88dc89ec917f1cc6
Case guard.part.9cf4511b607708c3
Case guard.part.35c5f08acff417fd
Case guard.part.992d800f47f47d83
Case guard.part.3fbfdec5c416ba13
Case guard.part.23f9246af10eee96
Case guard.part.6d17dce61bacd1ee
Case guard.generated.ccbf73d141aa30e5
Case guard.generated.d40422b7ceb0ae03
Case guard.generated.22392e8c096d0070
Case guard.generated.59139248d0914ec1
Case guard.members.adf6645b20c9d921
Case guard.members.b83b3e79262b1120
Case guard.members.4568da63d03b53a1
Case guard.members.d0f985b111a1bebd
Case guard.members.21cb7a8d2a545c4e
Case guard.members.aac066b5ff5121a1
Case guard.members.758ec38c887fcd0c
Case guard.count_assertions.6a848b4a55b9d46c
Case guard.count_assertions.9439b3836330bbad
Case guard.count_assertions.d005ef2ccc462923
Case guard.count_assertions.5535383199b39dde
Case guard.observed.44940802134ccc46
Case guard.observed.aa88591ba09e910e
Case guard.observed.526489541cc470d5
Case guard.observed.d9d77e7acb87691a
Case guard.observed.83b70516db3fa28d
Case guard.observed.2ab64ced67ae4816
Case guard.observed.e606085947b337ff
Case guard.corpus_format_2.7e44c11298859561
Case guard.corpus_format_2.b6afe70936509f6b
Case guard.context_check.9292411f72dd4388
Case guard.context_check.630e2efe1871e63d
Case guard.context_check.9e05e3fb1388b552
Case guard.context_check.65d96bd4eda9ea71
Case guard.context_check.557d3f1c1daa356e
Case guard.context_check.2cf13e6029674f22
Case guard.origin_closure.b75c2a4982fa49d6
Case guard.origin_closure.ee3069eb2b98d56d
Case guard.origin_closure.4038aadf1f63b61a
Case guard.origin_closure.c04eb1aa36aa4c28
Case guard.origin_closure.3437d9e7a198ee2e
Case guard.origin_closure.cfab63ca8082b69e
Case guard.origin_closure.8bcd966e6b78e43e
Case guard.origin_closure.b60895879cffc5ae
Case guard.origin_closure.e7e95905ca6497ea
Case guard.origin_closure.f6ca226e44ab5452
Case guard.origin_closure.223651272b5992b9
Case guard.witness_records.9605b55db4c5fbf1
Case guard.witness_records.429eb0af731d72bf
Case guard.witness_records.68e4d659c0e24d15
Case guard.witness_records.55307ea19e8bb29a
Case guard.context_references.15f230d04083c872
Case guard.hold_register.4cc982d5cf1cda97
Case guard.hold_register.a98e832f0c0da01f
Case guard.area_map.6a49a6a733a9c860
Case guard.area_map.9729128805b9b28f
Case guard.area_map.f809598b7e317166
Case guard.prose_areas.2256a615cd2b3ae1
Case guard.area_gate.dfdee77b7c2d65e8
Case guard.verify.f8e91c7a9550177b
Case guard.transferred_origins.7d2ba50aee2198bf
Case guard.transferred_origins.88c6ccbab7216ed5
Case guard.transferred_origins.1435cc6de72c6440
Checking refusal-census
Checking oracle-census
Checking typecheck
Checking repository-tests
Checking archive-tests
Checking kernel-sweeps
Checking area-gate
